
> local-mahjong-trainer@0.1.0 prebuild
> npm run generate:voice-packs


> local-mahjong-trainer@0.1.0 generate:voice-packs
> node scripts/generateVoicePackIndex.mjs

Generated Voice Pack index: 3 valid pack(s), 0 skipped.

> local-mahjong-trainer@0.1.0 build
> tsc && vite build

vite v6.4.3 building for production...
transforming...
✓ 1414 modules transformed.
rendering chunks...
computing gzip size...
dist/index.html                                                             0.42 kB │ gzip:   0.29 kB
dist/assets/s2-8H6M8_0S.png                                                 4.50 kB
dist/assets/yaku_pei-DzoJo9iL.mp3                                           4.60 kB
dist/assets/z1-6Mp8eBrj.png                                                 4.65 kB
dist/assets/m1-F3rPf7jZ.png                                                 5.35 kB
dist/assets/z4-DN-WJQH8.png                                                 5.53 kB
dist/assets/s2-DANmf8jZ.png                                                 5.66 kB
dist/assets/z7-CNesh7eW.png                                                 5.74 kB
dist/assets/m8-B5S7svSk.png                                                 5.83 kB
dist/assets/m2-CMEKU7Wm.png                                                 5.87 kB
dist/assets/s3-C-dEuGIr.png                                                 6.00 kB
dist/assets/z3-Bb_rYFVa.png                                                 6.20 kB
dist/assets/z6-34Ddb5zn.png                                                 6.25 kB
dist/assets/m3-CWortYSC.png                                                 6.30 kB
dist/assets/m6-E1Rgz12d.png                                                 6.37 kB
dist/assets/z1-CLnrH4BT.png                                                 6.41 kB
dist/assets/m9-Cipf7R0t.png                                                 6.43 kB
dist/assets/m4-Dj9taqdL.png                                                 6.53 kB
dist/assets/z2-L_Fsb_Sx.png                                                 6.53 kB
dist/assets/p3-B4mGURTX.png                                                 6.64 kB
dist/assets/action_kan-SXn-K82M.mp3                                         7.10 kB
dist/assets/m7-DBgsQwRs.png                                                 7.36 kB
dist/assets/m1-wDzDtfMt.png                                                 7.37 kB
dist/assets/action_chi-DLb3yQXq.mp3                                         7.52 kB
dist/assets/action_pon-1tdZzlM6.mp3                                         7.52 kB
dist/assets/score_haneman-oGhup7CU.mp3                                      7.52 kB
dist/assets/yaku_haku-R6y176ld.mp3                                          7.52 kB
dist/assets/yaku_nan-Dd4kqyrA.mp3                                           7.52 kB
dist/assets/s3-bA4li0jn.png                                                 7.69 kB
dist/assets/m8-C4c4Buvs.png                                                 8.22 kB
dist/assets/m5-CpoxsS10.png                                                 8.22 kB
dist/assets/s4-B2AObliJ.png                                                 8.23 kB
dist/assets/p4-DoJIyQEx.png                                                 8.25 kB
dist/assets/z6-NzGqaOoQ.png                                                 8.32 kB
dist/assets/yaku_ton-B_JyKEVW.mp3                                           8.36 kB
dist/assets/m7-DVVwuNZV.png                                                 8.45 kB
dist/assets/m2-DSO1TBwd.png                                                 8.65 kB
dist/assets/m3-DTwz1jxu.png                                                 8.95 kB
dist/assets/m9-DQhe4m7q.png                                                 9.16 kB
dist/assets/action_ron-JIADQxd3.mp3                                         9.19 kB
dist/assets/tile_m1-CKbY8dGs.mp3                                            9.19 kB
dist/assets/tile_m5-CFIUAZJ1.mp3                                            9.19 kB
dist/assets/tile_p2-DPX4AwP1.mp3                                            9.19 kB
dist/assets/yaku_hatsu-CgU92vB4.mp3                                         9.19 kB
dist/assets/yaku_noten-DD8qNr3V.mp3                                         9.19 kB
dist/assets/yaku_ton-xJl762vn.mp3                                           9.19 kB
dist/assets/m6-CWVreE1p.png                                                 9.34 kB
dist/assets/m4-DGsWS8bs.png                                                 9.59 kB
dist/assets/s7-BgPL7coD.png                                                 9.61 kB
dist/assets/p1-DHZt9bkt.png                                                 9.69 kB
dist/assets/m5-DgrfOyrl.png                                                 9.80 kB
dist/assets/p3-DqwD-1pS.png                                                 9.88 kB
dist/assets/tile_m8-DiefGfVV.mp3                                           10.03 kB
dist/assets/tile_p3-BpI7nv-2.mp3                                           10.03 kB
dist/assets/tile_p5-BMg7mZBB.mp3                                           10.03 kB
dist/assets/tile_s1-Cjd6tom1.mp3                                           10.03 kB
dist/assets/tile_s7-C0gWrS40.mp3                                           10.03 kB
dist/assets/tile_z5-Bhm7YaJ2.mp3                                           10.03 kB
dist/assets/tile_z7-CV3S51KG.mp3                                           10.03 kB
dist/assets/yaku_kanfuri-CaGSNUsW.mp3                                      10.03 kB
dist/assets/yaku_shaa-BzafImTT.mp3                                         10.03 kB
dist/assets/action_chi-THm-fF0S.mp3                                        10.03 kB
dist/assets/action_kan-DBdcTKKE.mp3                                        10.03 kB
dist/assets/tile_p8-Bz3SQNrE.mp3                                           10.03 kB
dist/assets/p7-BX_pDH8A.png                                                10.17 kB
dist/assets/s4-C18iRkmv.png                                                10.19 kB
dist/assets/p6-DxxKzFXK.png                                                10.27 kB
dist/assets/s5-Cj4fqqRZ.png                                                10.29 kB
dist/assets/p5-DQECuTil.png                                                10.43 kB
dist/assets/s8-DRWYQYv4.png                                                10.65 kB
dist/assets/p2-aB4nEtm_.png                                                10.84 kB
dist/assets/action_ankan-BkASGCv9.mp3                                      10.87 kB
dist/assets/action_kakan-DZiQphiH.mp3                                      10.87 kB
dist/assets/tile_p9-CF8lBObF.mp3                                           10.87 kB
dist/assets/tile_p7-CnURMSxD.mp3                                           10.87 kB
dist/assets/tile_p8-q2FyIGVP.mp3                                           10.87 kB
dist/assets/tile_s2-D3ODCk5g.mp3                                           10.87 kB
dist/assets/tile_s8-CCLt2dMM.mp3                                           10.87 kB
dist/assets/yaku_chankan-CqLzb-fB.mp3                                      10.87 kB
dist/assets/yaku_dora-Bl4RAt3a.mp3                                         10.87 kB
dist/assets/yaku_pei-0bNIlS00.mp3                                          10.87 kB
dist/assets/action_kan-CdiFW2Mc.mp3                                        10.87 kB
dist/assets/tile_p5-C-1SDLI5.mp3                                           10.87 kB
dist/assets/action_nuki-BsZNjYSm.mp3                                       11.28 kB
dist/assets/game_draw-CuR0gL-s.mp3                                         11.28 kB
dist/assets/score_yakuman-e1nM8oFf.mp3                                     11.28 kB
dist/assets/tile_m9-GlhLoU8p.mp3                                           11.28 kB
dist/assets/tile_p1-BV--k_yI.mp3                                           11.28 kB
dist/assets/tile_s6-B5dWxoGS.mp3                                           11.28 kB
dist/assets/tile_s5-C_kyW0_o.mp3                                           11.28 kB
dist/assets/tile_s9-COg-Aefq.mp3                                           11.28 kB
dist/assets/yaku_ippatsu-U0zRa1h1.mp3                                      11.28 kB
dist/assets/yaku_tenhou-C86D7lmw.mp3                                       11.28 kB
dist/assets/yaku_tenpai-DuAteqxU.mp3                                       11.28 kB
dist/assets/action_chi-Dmc4SCP3.mp3                                        11.28 kB
dist/assets/action_pon-DBgl3IDL.mp3                                        11.28 kB
dist/assets/yaku_pei-BKJbiq6s.mp3                                          11.28 kB
dist/assets/action_nuki-CTonOLGF.mp3                                       11.28 kB
dist/assets/tile_m2-Di6zdVAl.mp3                                           11.28 kB
dist/assets/s5-JDz5LQFJ.png                                                11.48 kB
dist/assets/s7-DB3lD-eO.png                                                11.49 kB
dist/assets/p9-C1wiJubQ.png                                                11.78 kB
dist/assets/s9-BI9SmBtF.png                                                11.82 kB
dist/assets/p4-CXnGDtNv.png                                                11.87 kB
dist/assets/s6-hnlk7HNG.png                                                12.07 kB
dist/assets/score_mangan-C2-OMPyQ.mp3                                      12.12 kB
dist/assets/tile_m2-BN248U_O.mp3                                           12.12 kB
dist/assets/tile_m4-DAwN-Ofh.mp3                                           12.12 kB
dist/assets/tile_m6-BTgOlEvV.mp3                                           12.12 kB
dist/assets/tile_m7-QxdvrH-c.mp3                                           12.12 kB
dist/assets/tile_p4-BE9Wr7xX.mp3                                           12.12 kB
dist/assets/tile_p6-D1rSRZ1j.mp3                                           12.12 kB
dist/assets/tile_s3-BznIgeUA.mp3                                           12.12 kB
dist/assets/tile_s4-93gGjKNq.mp3                                           12.12 kB
dist/assets/tile_z1-DyYKtGc3.mp3                                           12.12 kB
dist/assets/tile_z4-DuGD_DWT.mp3                                           12.12 kB
dist/assets/tile_z2-kQeJC9Z2.mp3                                           12.12 kB
dist/assets/yaku_dora_10-nk8uoZIe.mp3                                      12.12 kB
dist/assets/yaku_dora_3-B86RN99w.mp3                                       12.12 kB
dist/assets/yaku_dora_7-B50-NtAJ.mp3                                       12.12 kB
dist/assets/yaku_dora_6-DjPES7aH.mp3                                       12.12 kB
dist/assets/yaku_riichi-DhzL_asF.mp3                                       12.12 kB
dist/assets/yakuman_chinroutou-ZiU2JHpa.mp3                                12.12 kB
dist/assets/yakuman_daisangen-TdHHaWvz.mp3                                 12.12 kB
dist/assets/yakuman_tsuuiisou-BnuIeiBe.mp3                                 12.12 kB
dist/assets/yaku_chun-C5pES_8i.mp3                                         12.12 kB
dist/assets/action_ankan-DOMDbJEQ.mp3                                      12.12 kB
dist/assets/score_baiman-Ckd9_qFB.mp3                                      12.12 kB
dist/assets/tile_m5-1PmNXd7P.mp3                                           12.12 kB
dist/assets/tile_z5-OFwE-OCq.mp3                                           12.12 kB
dist/assets/yaku_chankan-DDIZvj0v.mp3                                      12.12 kB
dist/assets/yaku_chun-DuSVsmzX.mp3                                         12.12 kB
dist/assets/yaku_kanfuri-Cl4kKk7q.mp3                                      12.12 kB
dist/assets/s1-BACDqbv8.png                                                12.21 kB
dist/assets/p8-DGj8-DvH.png                                                12.30 kB
dist/assets/s8-DMrctUaT.png                                                12.57 kB
dist/assets/p1-hPVPL90i.png                                                12.87 kB
dist/assets/action_riichi-BOTLTswa.mp3                                     12.96 kB
dist/assets/score_sanbaiman-BijNvgCo.mp3                                   12.96 kB
dist/assets/tile_m3-DIeQN-Oj.mp3                                           12.96 kB
dist/assets/tile_z3-PnanvZhM.mp3                                           12.96 kB
dist/assets/tile_z6-C1qXL2CF.mp3                                           12.96 kB
dist/assets/yaku_chiitoitsu-Du7ZpagD.mp3                                   12.96 kB
dist/assets/yaku_dora_2-DegQJ0df.mp3                                       12.96 kB
dist/assets/yaku_dora_5-8qAV_lJt.mp3                                       12.96 kB
dist/assets/yaku_go_men_zei-B8ZukhbO.mp3                                   12.96 kB
dist/assets/yaku_pinfu-CuUwekCw.mp3                                        12.96 kB
dist/assets/yaku_sanrenkou-dikl3ROv.mp3                                    12.96 kB
dist/assets/yakuman_daisuushi-DjNIOIgk.mp3                                 12.96 kB
dist/assets/yakuman_ryuuiisou-zZMnvG7Z.mp3                                 12.96 kB
dist/assets/yaku_haku-u2PU98IZ.mp3                                         12.96 kB
dist/assets/yaku_nan-Ccgu-U7G.mp3                                          12.96 kB
dist/assets/tile_p1-nWqM-R0-.mp3                                           12.96 kB
dist/assets/tile_p7-DHSHf4uC.mp3                                           12.96 kB
dist/assets/p6-Bm8WM6lY.png                                                13.03 kB
dist/assets/s6-DoR_j_5N.png                                                13.46 kB
dist/assets/p2-Fdjwy86I.png                                                13.55 kB
dist/assets/p5-C3zzn9sN.png                                                13.63 kB
dist/assets/score_baiman-B5mtc3xK.mp3                                      13.79 kB
dist/assets/result_second_place-JRrtkLfT.mp3                               13.79 kB
dist/assets/yaku_chinitsu-BoKdSUfU.mp3                                     13.79 kB
dist/assets/yaku_daichikurin-CaCkW8uS.mp3                                  13.79 kB
dist/assets/yaku_daichisei-DTGYBHpt.mp3                                    13.79 kB
dist/assets/yaku_dora_13-eOmAEQK3.mp3                                      13.79 kB
dist/assets/yaku_dora_4-qBlFOx7S.mp3                                       13.79 kB
dist/assets/yaku_dora_8-DUo8-HO1.mp3                                       13.79 kB
dist/assets/yaku_dora_9-B8zODzcD.mp3                                       13.79 kB
dist/assets/yaku_ryanpeikou-J14Y0ndd.mp3                                   13.79 kB
dist/assets/yaku_suukantsu-mYZJv-wq.mp3                                    13.79 kB
dist/assets/yaku_tanyao-DO1inagn.mp3                                       13.79 kB
dist/assets/yakuman_shousuushi-PbR89N_x.mp3                                13.79 kB
dist/assets/tile_m1-C7ikmugg.mp3                                           13.79 kB
dist/assets/tile_p2-eYIlPK5q.mp3                                           13.79 kB
dist/assets/tile_s6-s0xUiwUX.mp3                                           13.79 kB
dist/assets/yaku_hatsu-Fk9bFcMf.mp3                                        13.79 kB
dist/assets/yaku_ippatsu-CQbSo0SI.mp3                                      13.79 kB
dist/assets/tile_m3-C9QFjEhA.mp3                                           13.79 kB
dist/assets/tile_m7-kI-t3OEE.mp3                                           13.79 kB
dist/assets/tile_z1-bb8Wwsn9.mp3                                           13.79 kB
dist/assets/action_double_riichi-2oni6GKZ.mp3                              14.21 kB
dist/assets/yaku_chiihou-DqAq0u6w.mp3                                      14.21 kB
dist/assets/yaku_daisharin-CciQYDhZ.mp3                                    14.21 kB
dist/assets/yaku_dora_11-Deyumh7S.mp3                                      14.21 kB
dist/assets/yaku_haitei-DqPqyt7L.mp3                                       14.21 kB
dist/assets/yaku_honitsu-DRIC-PRa.mp3                                      14.21 kB
dist/assets/yaku_honroutou-BWXgpOat.mp3                                    14.21 kB
dist/assets/yaku_iipeikou-C8nZF2Pg.mp3                                     14.21 kB
dist/assets/yaku_quintuple_yakuman-D9UYnsql.mp3                            14.21 kB
dist/assets/yaku_sankantsu-B22AUp0z.mp3                                    14.21 kB
dist/assets/yakuman_chuuren-BfYZL0-8.mp3                                   14.21 kB
dist/assets/yakuman_suuankou-ihmfrmk0.mp3                                  14.21 kB
dist/assets/action_ankan-5pHKagfz.mp3                                      14.21 kB
dist/assets/action_tsumo-cqb_xuO_.mp3                                      14.21 kB
dist/assets/tile_m3-9GZ5BhM3.mp3                                           14.21 kB
dist/assets/tile_m4-DsHwh4Go.mp3                                           14.21 kB
dist/assets/tile_m5-BJkPhXgV.mp3                                           14.21 kB
dist/assets/tile_m8-CpN1amaO.mp3                                           14.21 kB
dist/assets/tile_p4-WeDLooQC.mp3                                           14.21 kB
dist/assets/tile_s2-CqFQSJnN.mp3                                           14.21 kB
dist/assets/tile_s7-C9OWuzv2.mp3                                           14.21 kB
dist/assets/tile_s8-Dw4Ht2G_.mp3                                           14.21 kB
dist/assets/tile_z1-DI3ptUom.mp3                                           14.21 kB
dist/assets/tile_z3-DPVAQ4_4.mp3                                           14.21 kB
dist/assets/yaku_chiihou-BPPiIPJN.mp3                                      14.21 kB
dist/assets/yaku_kanfuri-C7eM0Hci.mp3                                      14.21 kB
dist/assets/yaku_ton-BMm2EVCz.mp3                                          14.21 kB
dist/assets/action_kakan-Be66fWRc.mp3                                      14.21 kB
dist/assets/flavor_lose-xAoAe5hL.mp3                                       14.21 kB
dist/assets/flavor_win-DmgrAaxX.mp3                                        14.21 kB
dist/assets/tile_m1-B2QJO1vp.mp3                                           14.21 kB
dist/assets/tile_m8-B3oj8YE7.mp3                                           14.21 kB
dist/assets/tile_z4-_70IZyz-.mp3                                           14.21 kB
dist/assets/yaku_haku-CmSUykJq.mp3                                         14.21 kB
dist/assets/yaku_iipeikou-Br_yrdas.mp3                                     14.21 kB
dist/assets/yaku_pinfu-D2TQmRmu.mp3                                        14.21 kB
dist/assets/s9-1kG3_oYt.png                                                14.31 kB
dist/assets/yaku_daisuulin-KdoRF2f8.mp3                                    15.05 kB
dist/assets/yaku_dora_12-CFm37wg-.mp3                                      15.05 kB
dist/assets/yaku_houtei-CefOqe6B.mp3                                       15.05 kB
dist/assets/yaku_sanankou-BxZ_Qng_.mp3                                     15.05 kB
dist/assets/yaku_shousangen-aZ7Ae65-.mp3                                   15.05 kB
dist/assets/yaku_suurenkou-4Sh12y0N.mp3                                    15.05 kB
dist/assets/yaku_tsubamegaeshi-PMfw0RPj.mp3                                15.05 kB
dist/assets/score_haneman-BL-sANpc.mp3                                     15.05 kB
dist/assets/tile_m6-DYW74JbH.mp3                                           15.05 kB
dist/assets/tile_m9-DaLISHjj.mp3                                           15.05 kB
dist/assets/tile_p1-Kl7tWrBs.mp3                                           15.05 kB
dist/assets/tile_p8-BKFAt6yC.mp3                                           15.05 kB
dist/assets/tile_s1-DpfbrQY3.mp3                                           15.05 kB
dist/assets/tile_s4-BerzWAQC.mp3                                           15.05 kB
dist/assets/tile_z2-BUFgMYnE.mp3                                           15.05 kB
dist/assets/tile_z7-Bf9GBQ5e.mp3                                           15.05 kB
dist/assets/yaku_riichi-DlOkoNxy.mp3                                       15.05 kB
dist/assets/yaku_shaa-Duo7BOAZ.mp3                                         15.05 kB
dist/assets/yakuman_tsuuiisou-BMsdTFX-.mp3                                 15.05 kB
dist/assets/tile_m9-DHjA7ZKR.mp3                                           15.05 kB
dist/assets/tile_p6-DjCsfJwe.mp3                                           15.05 kB
dist/assets/tile_p9-KOVsTOjg.mp3                                           15.05 kB
dist/assets/yaku_hatsu-BerISU5r.mp3                                        15.05 kB
dist/assets/yaku_ippatsu-DbzL4ji2.mp3                                      15.05 kB
dist/assets/yaku_nan-tEPWLi-N.mp3                                          15.05 kB
dist/assets/yaku_tanyao-BCz9DgXJ.mp3                                       15.05 kB
dist/assets/p7-2zF5V1gw.png                                                15.21 kB
dist/assets/game_nagashi_mangan-D4CuD3xD.mp3                               15.88 kB
dist/assets/score_counted_yakuman-DTcwZUJ8.mp3                             15.88 kB
dist/assets/yaku_ittsu-CsycfEpL.mp3                                        15.88 kB
dist/assets/yaku_nine_pin_fish-ChLIEjRg.mp3                                15.88 kB
dist/assets/yaku_quadruple_yakuman-DbWBnRkO.mp3                            15.88 kB
dist/assets/yaku_one_pin_moon-BloafG9D.mp3                                 15.88 kB
dist/assets/yaku_renhou--eVH2nm7.mp3                                       15.88 kB
dist/assets/yaku_sanshoku-D2bYJpJH.mp3                                     15.88 kB
dist/assets/yaku_shiisanpuutaa-e1SPGL9Y.mp3                                15.88 kB
dist/assets/yaku_triple_yakuman-B0G_RfAD.mp3                               15.88 kB
dist/assets/yakuman_kokushi-Cz2iTMdh.mp3                                   15.88 kB
dist/assets/action_nuki-BuT4G7jx.mp3                                       15.88 kB
dist/assets/game_draw-Cn6quvrA.mp3                                         15.88 kB
dist/assets/score_baiman-GLjOYDYo.mp3                                      15.88 kB
dist/assets/score_yakuman-BiZSStya.mp3                                     15.88 kB
dist/assets/tile_m7-CBYUigmt.mp3                                           15.88 kB
dist/assets/tile_p7-BHq6xd81.mp3                                           15.88 kB
dist/assets/tile_s3-DwlpaGEC.mp3                                           15.88 kB
dist/assets/tile_s9-rotf2Whc.mp3                                           15.88 kB
dist/assets/yaku_chankan-5N_VFH-V.mp3                                      15.88 kB
dist/assets/yaku_chinitsu-CIze9TAN.mp3                                     15.88 kB
dist/assets/p8-Dh-Qax4a.png                                                15.96 kB
dist/assets/flavor_close_game-YGTsvs9M.mp3                                 16.72 kB
dist/assets/game_four_winds_abortive_draw-BittLHlG.mp3                     16.72 kB
dist/assets/game_nine_terminals_and_honors_abortive_draw-BckUopY-.mp3      16.72 kB
dist/assets/game_start-Bncbd63e.mp3                                        16.72 kB
dist/assets/game_four_kans_abortive_draw--OeDdLoe.mp3                      16.72 kB
dist/assets/score_double_yakuman-D6Ws07FT.mp3                              16.72 kB
dist/assets/yaku_rinshan_kaihou-BC8pJHZ5.mp3                               16.72 kB
dist/assets/yaku_sanshoku_doukou-BCyR_PRc.mp3                              16.72 kB
dist/assets/yaku_sextuple_yakuman-a90bHuig.mp3                             16.72 kB
dist/assets/action_double_riichi-CSehFRYd.mp3                              16.72 kB
dist/assets/action_kakan-DVsjH8JO.mp3                                      16.72 kB
dist/assets/score_mangan-D_HJRo6m.mp3                                      16.72 kB
dist/assets/tile_m2-CooEZN81.mp3                                           16.72 kB
dist/assets/tile_p3-lEZw3RXl.mp3                                           16.72 kB
dist/assets/tile_p5-CxcAo36c.mp3                                           16.72 kB
dist/assets/tile_p6-FB7Q8vlJ.mp3                                           16.72 kB
dist/assets/tile_p9-B9FH0QEk.mp3                                           16.72 kB
dist/assets/tile_s5-D0Irm6rg.mp3                                           16.72 kB
dist/assets/tile_z5-B7wr3SuL.mp3                                           16.72 kB
dist/assets/tile_z6-BHFAU9rV.mp3                                           16.72 kB
dist/assets/yaku_chiitoitsu-uxEJjY6S.mp3                                   16.72 kB
dist/assets/yaku_daisharin-BTww4aL_.mp3                                    16.72 kB
dist/assets/yaku_daichikurin-iiicsERO.mp3                                  16.72 kB
dist/assets/yaku_dora-BdbxhPnt.mp3                                         16.72 kB
dist/assets/yaku_honitsu-CvzoG7eb.mp3                                      16.72 kB
dist/assets/yaku_pinfu-BoAu3EM-.mp3                                        16.72 kB
dist/assets/yaku_renhou-BaOwkSXb.mp3                                       16.72 kB
dist/assets/yaku_sanrenkou-DuUg-6DI.mp3                                    16.72 kB
dist/assets/yaku_tenpai-DjwLgurb.mp3                                       16.72 kB
dist/assets/yaku_tsubamegaeshi-_Fwy4cyV.mp3                                16.72 kB
dist/assets/yakuman_shousuushi-Cdqp46P4.mp3                                16.72 kB
dist/assets/yakuman_suuankou-stUoJET6.mp3                                  16.72 kB
dist/assets/tile_p3-BKuhBWO4.mp3                                           16.72 kB
dist/assets/tile_p4-9XID_zgw.mp3                                           16.72 kB
dist/assets/tile_z3-CWvc2Btx.mp3                                           16.72 kB
dist/assets/tile_z7-B3dLn2Hn.mp3                                           16.72 kB
dist/assets/yaku_dora_7-GBsEkHkj.mp3                                       16.72 kB
dist/assets/yaku_go_men_zei-T7Iz5R70.mp3                                   16.72 kB
dist/assets/yaku_shaa-DDHkIn7J.mp3                                         16.72 kB
dist/assets/yaku_suukantsu-DHV1EdO6.mp3                                    16.72 kB
dist/assets/yakuman_chinroutou-D_o7BcXY.mp3                                16.72 kB
dist/assets/yaku_tsubamegaeshi-DY3sl9MH.mp3                                16.72 kB
dist/assets/s1-DJ6OnEdS.png                                                17.08 kB
dist/assets/game_four_riichi_abortive_draw-D8VdO11Y.mp3                    17.55 kB
dist/assets/yaku_dora_many-B0tqebZC.mp3                                    17.55 kB
dist/assets/yaku_toitoi-DsptNUVE.mp3                                       17.55 kB
dist/assets/tile_z4-C0939xlD.mp3                                           17.55 kB
dist/assets/yaku_dora_6-Dma_Y5Yn.mp3                                       17.55 kB
dist/assets/yaku_iipeikou-Ds-9hyub.mp3                                     17.55 kB
dist/assets/yaku_noten-BKeImZQD.mp3                                        17.55 kB
dist/assets/yaku_toitoi-4iWrUPbT.mp3                                       17.55 kB
dist/assets/yakuman_chinroutou-DcCDfW56.mp3                                17.55 kB
dist/assets/yakuman_daisuushi-CDOa1TPM.mp3                                 17.55 kB
dist/assets/action_tsumo-B9vxCKwb.mp3                                      17.55 kB
dist/assets/tile_m6-T87rXlVv.mp3                                           17.55 kB
dist/assets/tile_p2-D02e53Nw.mp3                                           17.55 kB
dist/assets/tile_s2-C3elJ9Gu.mp3                                           17.55 kB
dist/assets/tile_s3-Cpymn8Cq.mp3                                           17.55 kB
dist/assets/tile_s8-QKbGfvR1.mp3                                           17.55 kB
dist/assets/tile_z6-BnUavkwv.mp3                                           17.55 kB
dist/assets/yaku_chiitoitsu-DRsWPA3O.mp3                                   17.55 kB
dist/assets/yaku_dora-B7xFO3Gs.mp3                                         17.55 kB
dist/assets/yaku_dora_2-CJxYnCW9.mp3                                       17.55 kB
dist/assets/yaku_renhou-DXbt0aLM.mp3                                       17.55 kB
dist/assets/yaku_suurenkou-DHEpvce-.mp3                                    17.55 kB
dist/assets/flavor_win-mJ1mEwQS.mp3                                        17.97 kB
dist/assets/result_fourth_place-Cs5pdn4o.mp3                               17.97 kB
dist/assets/result_third_place-CmEOsb4r.mp3                                17.97 kB
dist/assets/yaku_dora_10-ChWSkMP0.mp3                                      17.97 kB
dist/assets/yaku_dora_4-CloY4MpP.mp3                                       17.97 kB
dist/assets/yaku_dora_2-_h2BXaH5.mp3                                       17.97 kB
dist/assets/yaku_honroutou-F61bHyyU.mp3                                    17.97 kB
dist/assets/yaku_ryanpeikou-Brp0QkOl.mp3                                   17.97 kB
dist/assets/yaku_sankantsu-C_h0sMS2.mp3                                    17.97 kB
dist/assets/yaku_tenhou-BHQcmMpU.mp3                                       17.97 kB
dist/assets/yaku_suukantsu-BM11d0tL.mp3                                    17.97 kB
dist/assets/score_yakuman-CJ3ux7_1.mp3                                     17.97 kB
dist/assets/tile_s5-Ck8RdJbM.mp3                                           17.97 kB
dist/assets/tile_s9-d0SOXAJ9.mp3                                           17.97 kB
dist/assets/yaku_tenhou-BpSHVfch.mp3                                       17.97 kB
dist/assets/p9-CJYcfqTf.png                                                18.49 kB
dist/assets/yaku_chanta-CNm-4k28.mp3                                       18.81 kB
dist/assets/yaku_junchan-BLNu6y7q.mp3                                      18.81 kB
dist/assets/action_riichi-MzwPTn1u.mp3                                     18.81 kB
dist/assets/yaku_daisuulin-BMJrUWSE.mp3                                    18.81 kB
dist/assets/yaku_dora_3-CANRHaoL.mp3                                       18.81 kB
dist/assets/yaku_dora_8-C-9NTLG4.mp3                                       18.81 kB
dist/assets/yaku_shousangen-DdKC8BrZ.mp3                                   18.81 kB
dist/assets/yaku_suurenkou-Do7U_0UR.mp3                                    18.81 kB
dist/assets/yakuman_daisangen-B-62gDsO.mp3                                 18.81 kB
dist/assets/yakuman_ryuuiisou-BIK_rzjP.mp3                                 18.81 kB
dist/assets/game_end-PHetnvSb.mp3                                          18.81 kB
dist/assets/score_haneman-BynFZO50.mp3                                     18.81 kB
dist/assets/yaku_chiihou-DGeKH8vd.mp3                                      18.81 kB
dist/assets/yaku_daichisei-BuXSNnC7.mp3                                    18.81 kB
dist/assets/yaku_daichikurin-NU1RummM.mp3                                  18.81 kB
dist/assets/yaku_dora_3-CwBWAH8j.mp3                                       18.81 kB
dist/assets/yaku_dora_8-Q7I6TkiD.mp3                                       18.81 kB
dist/assets/yaku_sankantsu-3qddGMhT.mp3                                    18.81 kB
dist/assets/result_fourth_place-CnKMQT7s.mp3                               19.64 kB
dist/assets/yaku_ishigami_sannen-NeHzGwvp.mp3                              19.64 kB
dist/assets/yakuman_suuankou_tanki-1LsDLztD.mp3                            19.64 kB
dist/assets/score_sanbaiman-GtRTnsc6.mp3                                   19.64 kB
dist/assets/yaku_daichisei-t5SDKuge.mp3                                    19.64 kB
dist/assets/yaku_dora_13-BjmFjIgG.mp3                                      19.64 kB
dist/assets/yaku_dora_5-mFlP32BI.mp3                                       19.64 kB
dist/assets/yaku_dora_7-JrgfDdnK.mp3                                       19.64 kB
dist/assets/yaku_dora_9-CBjSccVC.mp3                                       19.64 kB
dist/assets/yaku_dora_many-CFF-YV7v.mp3                                    19.64 kB
dist/assets/yaku_go_men_zei-VKMXogVN.mp3                                   19.64 kB
dist/assets/yaku_houtei-YEXkhnm5.mp3                                       19.64 kB
dist/assets/yaku_sanankou-DnA4KSlv.mp3                                     19.64 kB
dist/assets/yaku_shiisanpuutaa-CmbWoG2C.mp3                                19.64 kB
dist/assets/action_pon-C9dBaG1o.mp3                                        19.64 kB
dist/assets/game_draw-DXcgk2Nh.mp3                                         19.64 kB
dist/assets/tile_s1-COmm3bAv.mp3                                           19.64 kB
dist/assets/tile_s7-CDcD2LbO.mp3                                           19.64 kB
dist/assets/yaku_daisuulin-CWcYJJjQ.mp3                                    19.64 kB
dist/assets/yaku_dora_10-vkiSRpfB.mp3                                      19.64 kB
dist/assets/yaku_riichi-D-m4OJ-j.mp3                                       19.64 kB
dist/assets/yaku_ryanpeikou-yGVPTfsB.mp3                                   19.64 kB
dist/assets/yaku_sanankou-iINIeBzK.mp3                                     19.64 kB
dist/assets/yakuman_tsuuiisou-D6DPTyDG.mp3                                 19.64 kB
dist/assets/yaku_junsei_chuuren-BJrCydfW.mp3                               20.48 kB
dist/assets/yaku_isshoku_sanjun-_lMSj3Ge.mp3                               20.48 kB
dist/assets/action_ron-8jn14ZaA.mp3                                        20.48 kB
dist/assets/yaku_chinitsu-BiKb7CXX.mp3                                     20.48 kB
dist/assets/yaku_dora_12-Dry771bn.mp3                                      20.48 kB
dist/assets/yaku_dora_4-0spQh3pP.mp3                                       20.48 kB
dist/assets/yaku_noten-BtIvi-GE.mp3                                        20.48 kB
dist/assets/flavor_close_game-CkHJGyz9.mp3                                 20.90 kB
dist/assets/game_four_riichi_abortive_draw-jpqfQFAt.mp3                    20.90 kB
dist/assets/yaku_dora_11-CE_1s9QJ.mp3                                      20.90 kB
dist/assets/yaku_dora_12-BLrHUMgs.mp3                                      20.90 kB
dist/assets/yaku_nine_pin_fish-C-yvuuP-.mp3                                20.90 kB
dist/assets/yaku_one_pin_moon-BoCWgxky.mp3                                 20.90 kB
dist/assets/yaku_quadruple_yakuman-DFbMO1c1.mp3                            20.90 kB
dist/assets/yaku_tanyao-DHhIpCm3.mp3                                       20.90 kB
dist/assets/yakuman_kokushi-CF50FGCt.mp3                                   20.90 kB
dist/assets/game_nine_terminals_and_honors_abortive_draw-vKsCkh16.mp3      20.90 kB
dist/assets/yaku_honitsu-BNpWBxnr.mp3                                      20.90 kB
dist/assets/yaku_quintuple_yakuman-B61xCIsD.mp3                            20.90 kB
dist/assets/yaku_triple_yakuman-BXo1h8zA.mp3                               20.90 kB
dist/assets/game_four_winds_abortive_draw-DKp-XQdc.mp3                     21.73 kB
dist/assets/game_nagashi_mangan-CdvtGDUS.mp3                               21.73 kB
dist/assets/game_nine_terminals_and_honors_abortive_draw-HqWnIqtH.mp3      21.73 kB
dist/assets/score_counted_yakuman-DzE_2wE9.mp3                             21.73 kB
dist/assets/score_double_yakuman-gygPv-VF.mp3                              21.73 kB
dist/assets/yaku_haitei-CrZjGWrx.mp3                                       21.73 kB
dist/assets/yaku_ishigami_sannen-CsMNBhY1.mp3                              21.73 kB
dist/assets/yaku_ittsu-CkcXpo7A.mp3                                        21.73 kB
dist/assets/yaku_quintuple_yakuman-BS0BQtHQ.mp3                            21.73 kB
dist/assets/yaku_sanshoku-Bgeo2SvD.mp3                                     21.73 kB
dist/assets/action_double_riichi-C6iEtcci.mp3                              21.73 kB
dist/assets/action_riichi-CdZy_S8H.mp3                                     21.73 kB
dist/assets/flavor_close_game-Z91bSQME.mp3                                 21.73 kB
dist/assets/score_mangan-9ID6qBk9.mp3                                      21.73 kB
dist/assets/score_double_yakuman-i9jDfvMw.mp3                              21.73 kB
dist/assets/score_sanbaiman-D424wr59.mp3                                   21.73 kB
dist/assets/tile_m4-BC9GpHbt.mp3                                           21.73 kB
dist/assets/tile_z2-DRu9JEil.mp3                                           21.73 kB
dist/assets/yaku_dora_5-CaIi0_iZ.mp3                                       21.73 kB
dist/assets/yaku_ishigami_sannen-Cmu8vEkz.mp3                              21.73 kB
dist/assets/yakuman_daisangen-FE58-7RQ.mp3                                 21.73 kB
dist/assets/yakuman_suuankou-DXcSTJfZ.mp3                                  21.73 kB
dist/assets/game_four_riichi_abortive_draw-C88v0v6p.mp3                    22.57 kB
dist/assets/tile_s4-DFzlx9xS.mp3                                           22.57 kB
dist/assets/tile_s6-yszlxjy5.mp3                                           22.57 kB
dist/assets/yaku_ittsu-CgqssFvJ.mp3                                        22.57 kB
dist/assets/flavor_lose-CDVHmavO.mp3                                       23.40 kB
dist/assets/yaku_chun-BnvulYWb.mp3                                         23.40 kB
dist/assets/yaku_kokushi_13_wait-BOUhqTKp.mp3                              23.40 kB
dist/assets/yaku_chanta-eXvvLX4C.mp3                                       23.40 kB
dist/assets/yaku_rinshan_kaihou-BD9h1HCD.mp3                               23.40 kB
dist/assets/yaku_sextuple_yakuman-D3mD89hB.mp3                             23.40 kB
dist/assets/yakuman_chuuren-XWNYfwth.mp3                                   23.40 kB
dist/assets/yaku_dora_13-CUZ-aL1w.mp3                                      23.40 kB
dist/assets/yaku_toitoi-B220YkAc.mp3                                       23.40 kB
dist/assets/yakuman_kokushi-D2C6G_Tf.mp3                                   23.40 kB
dist/assets/yaku_sanshoku_doukou-D1kEX5Zs.mp3                              24.24 kB
dist/assets/yaku_daisharin-C0CU2wys.mp3                                    24.24 kB
dist/assets/yaku_nine_pin_fish-CSHBW8iA.mp3                                24.24 kB
dist/assets/yaku_sextuple_yakuman-DIY0m-Io.mp3                             24.24 kB
dist/assets/yakuman_ryuuiisou-Cqzg6O4-.mp3                                 24.24 kB
dist/assets/game_four_kans_abortive_draw-CrlPGQOk.mp3                      24.66 kB
dist/assets/yaku_triple_yakuman-CrmrwKV2.mp3                               24.66 kB
dist/assets/game_four_kans_abortive_draw-BeBnandp.mp3                      24.66 kB
dist/assets/game_start-DEGTxfg6.mp3                                        24.66 kB
dist/assets/score_counted_yakuman-BRSSAP1h.mp3                             24.66 kB
dist/assets/yaku_chanta-DA2kT7bM.mp3                                       24.66 kB
dist/assets/yaku_haitei-C07W0Alq.mp3                                       24.66 kB
dist/assets/yaku_dora_9-DnOT3zU3.mp3                                       24.66 kB
dist/assets/yaku_honroutou-0T2y2LoQ.mp3                                    24.66 kB
dist/assets/yaku_one_pin_moon-BnTRzXh3.mp3                                 24.66 kB
dist/assets/yaku_tenpai-CpsLT91G.mp3                                       24.66 kB
dist/assets/yakuman_chuuren-Bk8_wc7D.mp3                                   24.66 kB
dist/assets/yakuman_daisuushi-dFK2HlDp.mp3                                 24.66 kB
dist/assets/yaku_dora_6-CLXDoru5.mp3                                       25.49 kB
dist/assets/result_third_place-CcVXUt9Q.mp3                                26.33 kB
dist/assets/yaku_isshoku_sanjun-BnuuYcOa.mp3                               26.33 kB
dist/assets/yaku_sanshoku-CSEIkc7s.mp3                                     26.33 kB
dist/assets/action_tsumo-B-CuFFyx.mp3                                      27.17 kB
dist/assets/yaku_junchan-BFCFaOW9.mp3                                      27.17 kB
dist/assets/game_four_winds_abortive_draw-DxGqNnot.mp3                     27.17 kB
dist/assets/yaku_dora_11-DUFRdwqz.mp3                                      27.17 kB
dist/assets/yaku_junchan-FzcSnyK_.mp3                                      27.17 kB
dist/assets/yaku_quadruple_yakuman-JdueeZv2.mp3                            27.17 kB
dist/assets/yaku_shiisanpuutaa-CqDD85rZ.mp3                                27.17 kB
dist/assets/yaku_shousangen-DgKgtHZL.mp3                                   27.17 kB
dist/assets/yakuman_suuankou_tanki-T-OVfjae.mp3                            27.58 kB
dist/assets/game_nagashi_mangan-DG2B3deJ.mp3                               27.58 kB
dist/assets/yaku_dora_many-BiirXShk.mp3                                    28.42 kB
dist/assets/yaku_isshoku_sanjun-D2EstW6M.mp3                               28.42 kB
dist/assets/yakuman_shousuushi-aTlzkkWV.mp3                                28.42 kB
dist/assets/yakuman_suuankou_tanki-BHo_opmK.mp3                            29.26 kB
dist/assets/yaku_junsei_chuuren-RzQ50V5T.mp3                               30.09 kB
dist/assets/result_second_place-bXeAdt0u.mp3                               30.09 kB
dist/assets/yaku_houtei-BRx8fu5y.mp3                                       30.09 kB
dist/assets/yaku_sanrenkou-KilrHxrT.mp3                                    30.09 kB
dist/assets/yaku_sanshoku_doukou-CbbtZ6CK.mp3                              30.09 kB
dist/assets/action_ron-CyWuT3eK.mp3                                        32.18 kB
dist/assets/yaku_rinshan_kaihou-B0yLz4wx.mp3                               32.18 kB
dist/assets/yaku_kokushi_13_wait-w-FPYnSG.mp3                              35.11 kB
dist/assets/yaku_kokushi_13_wait-BuLYDvBp.mp3                              35.11 kB
dist/assets/yaku_junsei_chuuren-Lmw43_9D.mp3                               35.11 kB
dist/assets/result_second_place-BSDDfC3M.mp3                               36.78 kB
dist/assets/result_fourth_place-CrESb8Bs.mp3                               39.71 kB
dist/assets/result_third_place-CUT2zEmX.mp3                                44.72 kB
dist/assets/game_start-OBHTdIAS.mp3                                        46.39 kB
dist/assets/flavor_lose-BjluQH2j.mp3                                       49.32 kB
dist/assets/flavor_win-DKRcVjvD.mp3                                        53.08 kB
dist/assets/game_end-BH0NIp_r.mp3                                          61.02 kB
dist/assets/game_end-CgrOnsVw.mp3                                          73.98 kB
dist/assets/discard1-CUh2IYth.wav                                         192.08 kB
dist/assets/discard2-DeZJhZEG.wav                                         192.08 kB
dist/assets/draw2-BUnIp5OD.wav                                            192.08 kB
dist/assets/draw1-Cagj1kYL.wav                                            192.08 kB
dist/assets/meld1-B23WbBiD.wav                                            192.08 kB
dist/assets/meld2-9ahtQyjb.wav                                            192.08 kB
dist/assets/orca-ChhDW7C7.png                                           1,477.66 kB
dist/assets/black-cat-CSQ1tSnx.png                                      1,547.36 kB
dist/assets/shiba-RSc7_z2e.png                                          1,695.40 kB
dist/assets/border-collie-DzRz4keR.png                                  1,758.00 kB
dist/assets/lucky-cat-CtUBDfj8.png                                      1,771.65 kB
dist/assets/corgi-BLKmri9h.png                                          1,932.06 kB
dist/assets/Jade Pulse-673l2sHB.wav                                    22,250.20 kB
dist/assets/Winning Tiles-CgxlGV4L.wav                                 22,876.89 kB
dist/assets/Ivory Shuffle-DA1Z1dAv.wav                                 22,969.05 kB
dist/assets/Imperial Decree-CMC9PYec.wav                               23,034.58 kB
dist/assets/Press Start-B4ItQm2q.wav                                   23,313.11 kB
dist/assets/Style Select-COYXWd3B.wav                                  23,718.61 kB
dist/assets/Iron Crest-C-QIVFxV.wav                                    23,763.67 kB
dist/assets/Mellow Logic-BH11_TW1.wav                                  28,852.95 kB
dist/assets/Imperial Mandate-Bs3JyHJE.wav                              29,579.99 kB
dist/assets/High Tension Climax-CWIv6YDH.wav                           30,057.23 kB
dist/assets/Ink Wash-DE4JB-1N.wav                                      30,517.97 kB
dist/assets/丝竹乱耳-BdGHsfPD.wav                                          32,905.94 kB
dist/assets/Four Winds (Punchy Remix)-B8j9oGFi.wav                     33,436.43 kB
dist/assets/Double Down-Bn4HrJ3r.wav                                   33,469.14 kB
dist/assets/陋室铭-rNFLnWXD.wav                                           33,833.69 kB
dist/assets/长安颂-BpbRBrF5.wav                                           33,917.71 kB
dist/assets/小石潭记-CsY6DQET.wav                                          34,058.97 kB
dist/assets/Shanghai Gambit-Bb0_0KbP.wav                               34,069.21 kB
dist/assets/逍遥游-DT_JdEap.wav                                           34,108.12 kB
dist/assets/Jade and Ivory-zZczCVp3.wav                                34,532.05 kB
dist/assets/The Painted Tile-CXToEH6r.wav                              34,538.20 kB
dist/assets/The Dealer's Hand-Dl1Vg_bL.wav                             34,859.73 kB
dist/assets/Table3DScene-Dn9Dxywq.css                                       8.96 kB │ gzip:   2.57 kB
dist/assets/index-B1aa9dc4.css                                            138.25 kB │ gzip:  26.13 kB
dist/assets/Table3DScene-1TGKLSCe.js                                       69.37 kB │ gzip:  22.07 kB
dist/assets/index-BbQYUDX4.js                                           2,252.49 kB │ gzip: 581.34 kB

(!) Some chunks are larger than 500 kB after minification. Consider:
- Using dynamic import() to code-split the application
- Use build.rollupOptions.output.manualChunks to improve chunking: https://rollupjs.org/configuration-options/#output-manualchunks
- Adjust chunk size limit for this warning via build.chunkSizeWarningLimit.
✓ built in 5.18s
